00:00 +0: loading /app/test/game_logic_test.dart                                                                                                                                                       00:01 +0: loading /app/test/game_logic_test.dart                                                                                                                                                       00:02 +0: loading /app/test/game_logic_test.dart                                                                                                                                                       00:02 +0: HexCoordinate neighbor returns correct coordinate                                                                                                                                            00:02 +1: HexCoordinate neighbor returns correct coordinate                                                                                                                                            00:02 +1: HexCoordinate directionTo returns correct direction                                                                                                                                          00:02 +2: HexCoordinate directionTo returns correct direction                                                                                                                                          00:02 +2: Board initializes correctly                                                                                                                                                                  00:02 +3: Board initializes correctly                                                                                                                                                                  00:02 +3: Board executes inline move correctly                                                                                                                                                         00:02 +3: Board executes inline move correctly
DEBUG: line=[(0, 0, 0)]
DEBUG: cleared tail=(0, 0, 0)
00:02 +4: Board executes inline move correctly                                                                                                                                                         00:02 +4: Board executes broadside move correctly                                                                                                                                                      00:02 +5: Board executes broadside move correctly                                                                                                                                                      00:02 +5: Board executes push correctly                                                                                                                                                                00:02 +5: Board executes push correctly
DEBUG: line=[(2, -2, 0), (1, -1, 0), (0, 0, 0)]
DEBUG: cleared tail=(0, 0, 0)
00:02 +6: Board executes push correctly                                                                                                                                                                00:02 +6: Board captures single piece pushed off                                                                                                                                                       00:02 +6: Board captures single piece pushed off
DEBUG: toPush len=1, fallen=(4, -4, 0), state=MarbleState.quantum, qBefore=0
DEBUG: qAfter=1
DEBUG: line=[(4, -4, 0), (3, -3, 0)]
DEBUG: cleared tail=(3, -3, 0)
00:02 +7: Board captures single piece pushed off                                                                                                                                                       00:02 +7: All tests passed!
